elmes@DESKTOP-TOH04QH MINGW64 ~/OneDrive/desktop/ll/Python-Finance (master)
$ git status
On branch master
Your branch is up to date with 'origin/master'.

Changes to be committed:
  (use "git restore --staged <file>..." to unstage)
        new file:   Data/Stocks.xlsx

Untracked files:
  (use "git add <file>..." to include in what will be committed)
        Data/Stocksss.csv


elmes@DESKTOP-TOH04QH MINGW64 ~/OneDrive/desktop/ll/Python-Finance (master)
$ git add Data/Stocksss.csv
warning: CRLF will be replaced by LF in Data/Stocksss.csv.
The file will have its original line endings in your working directory

elmes@DESKTOP-TOH04QH MINGW64 ~/OneDrive/desktop/ll/Python-Finance (master)
$ git status
On branch master
Your branch is up to date with 'origin/master'.

Changes to be committed:
  (use "git restore --staged <file>..." to unstage)
        new file:   Data/Stocks.xlsx
        new file:   Data/Stocksss.csv


elmes@DESKTOP-TOH04QH MINGW64 ~/OneDrive/desktop/ll/Python-Finance (master)
$ git commit -m "Data"                                                                                                                                                  [master 324c38c] Data
 2 files changed, 4461 insertions(+)
 create mode 100644 Data/Stocks.xlsx
 create mode 100644 Data/Stocksss.csv

elmes@DESKTOP-TOH04QH MINGW64 ~/OneDrive/desktop/ll/Python-Finance (master)
$ git push
Enumerating objects: 6, done.
Counting objects: 100% (6/6), done.
Delta compression using up to 8 threads
Compressing objects: 100% (5/5), done.
error: RPC failed; curl 56 OpenSSL SSL_read: error:140943FC:SSL routines:ssl3_read_bytes:sslv3 alert bad record mac, errno 0
fatal: the remote end hung up unexpectedly
Writing objects: 100% (5/5), 3.62 MiB | 4.04 MiB/s, done.
Total 5 (delta 1), reused 0 (delta 0)
fatal: the remote end hung up unexpectedly
Everything up-to-date

elmes@DESKTOP-TOH04QH MINGW64 ~/OneDrive/desktop/ll/Python-Finance (master)
$ git status
On branch master
Your branch is ahead of 'origin/master' by 1 commit.
  (use "git push" to publish your local commits)

nothing to commit, working tree clean

elmes@DESKTOP-TOH04QH MINGW64 ~/OneDrive/desktop/ll/Python-Finance (master)
$ git HEAD^ --soft
git: 'HEAD^' is not a git command. See 'git --help'.

elmes@DESKTOP-TOH04QH MINGW64 ~/OneDrive/desktop/ll/Python-Finance (master)
$ git reset HEAD^ --soft                                                                                                                                                
elmes@DESKTOP-TOH04QH MINGW64 ~/OneDrive/desktop/ll/Python-Finance (master)
$ git status                                                                                                                                                            On branch master
Your branch is up to date with 'origin/master'.

Changes to be committed:
  (use "git restore --staged <file>..." to unstage)
        new file:   Data/Stocks.xlsx
        new file:   Data/Stocksss.csv
